###############################################################################
#
# IAR ELF Linker V8.32.1.169/W32 for ARM                  18/Sep/2020  15:51:14
# Copyright 2007-2018 IAR Systems AB.
#
#    Output file  =  
#        C:\Users\61009\Desktop\work\≤‚ ‘≥Ã–Ú\test1\EWARM\test1\Exe\test1.out
#    Map file     =  
#        C:\Users\61009\Desktop\work\≤‚ ‘≥Ã–Ú\test1\EWARM\test1\List\test1.map
#    Command line =  
#        -f C:\Users\61009\AppData\Local\Temp\EW126C.tmp
#        (C:\Users\61009\Desktop\work\≤‚ ‘≥Ã–Ú\test1\EWARM\test1\Obj\driverprodemo.o
#        C:\Users\61009\Desktop\work\≤‚ ‘≥Ã–Ú\test1\EWARM\test1\Obj\gpio.o
#        C:\Users\61009\Desktop\work\≤‚ ‘≥Ã–Ú\test1\EWARM\test1\Obj\main.o
#        C:\Users\61009\Desktop\work\≤‚ ‘≥Ã–Ú\test1\EWARM\test1\Obj\startup_stm32f103xe.o
#        C:\Users\61009\Desktop\work\≤‚ ‘≥Ã–Ú\test1\EWARM\test1\Obj\stm32f1xx_hal.o
#        C:\Users\61009\Desktop\work\≤‚ ‘≥Ã–Ú\test1\EWARM\test1\Obj\stm32f1xx_hal_cortex.o
#        C:\Users\61009\Desktop\work\≤‚ ‘≥Ã–Ú\test1\EWARM\test1\Obj\stm32f1xx_hal_dma.o
#        C:\Users\61009\Desktop\work\≤‚ ‘≥Ã–Ú\test1\EWARM\test1\Obj\stm32f1xx_hal_exti.o
#        C:\Users\61009\Desktop\work\≤‚ ‘≥Ã–Ú\test1\EWARM\test1\Obj\stm32f1xx_hal_flash.o
#        C:\Users\61009\Desktop\work\≤‚ ‘≥Ã–Ú\test1\EWARM\test1\Obj\stm32f1xx_hal_flash_ex.o
#        C:\Users\61009\Desktop\work\≤‚ ‘≥Ã–Ú\test1\EWARM\test1\Obj\stm32f1xx_hal_gpio.o
#        C:\Users\61009\Desktop\work\≤‚ ‘≥Ã–Ú\test1\EWARM\test1\Obj\stm32f1xx_hal_gpio_ex.o
#        C:\Users\61009\Desktop\work\≤‚ ‘≥Ã–Ú\test1\EWARM\test1\Obj\stm32f1xx_hal_msp.o
#        C:\Users\61009\Desktop\work\≤‚ ‘≥Ã–Ú\test1\EWARM\test1\Obj\stm32f1xx_hal_pwr.o
#        C:\Users\61009\Desktop\work\≤‚ ‘≥Ã–Ú\test1\EWARM\test1\Obj\stm32f1xx_hal_rcc.o
#        C:\Users\61009\Desktop\work\≤‚ ‘≥Ã–Ú\test1\EWARM\test1\Obj\stm32f1xx_hal_rcc_ex.o
#        C:\Users\61009\Desktop\work\≤‚ ‘≥Ã–Ú\test1\EWARM\test1\Obj\stm32f1xx_hal_tim.o
#        C:\Users\61009\Desktop\work\≤‚ ‘≥Ã–Ú\test1\EWARM\test1\Obj\stm32f1xx_hal_tim_ex.o
#        C:\Users\61009\Desktop\work\≤‚ ‘≥Ã–Ú\test1\EWARM\test1\Obj\stm32f1xx_it.o
#        C:\Users\61009\Desktop\work\≤‚ ‘≥Ã–Ú\test1\EWARM\test1\Obj\system_stm32f1xx.o
#        --redirect _Printf=_PrintfFull --redirect _Scanf=_ScanfFull
#        --no_out_extension -o
#        C:\Users\61009\Desktop\work\≤‚ ‘≥Ã–Ú\test1\EWARM\test1\Exe\test1.out
#        --map
#        C:\Users\61009\Desktop\work\≤‚ ‘≥Ã–Ú\test1\EWARM\test1\List\test1.map
#        --config
#        C:\Users\61009\Desktop\work\≤‚ ‘≥Ã–Ú\test1\EWARM/stm32f103xe_flash.icf
#        --semihosting --entry __iar_program_start --vfe --text_out locale)
#
###############################################################################

*******************************************************************************
*** RUNTIME MODEL ATTRIBUTES
***

CppFlavor       = *
__SystemLibrary = DLib
__dlib_version  = 6


*******************************************************************************
*** HEAP SELECTION
***

The basic heap was selected because no calls to memory allocation
functions were found in the application outside of system library
functions, and there are calls to deallocation functions in the
application.


*******************************************************************************
*** PLACEMENT SUMMARY
***

"A0":  place at 0x800'0000 { ro section .intvec };
"P1":  place in [from 0x800'0000 to 0x807'ffff] { ro };
define block CSTACK with size = 1K, alignment = 8 { };
define block HEAP with size = 512, alignment = 8 { };
"P2":  place in [from 0x2000'0000 to 0x2000'ffff] {
          rw, block CSTACK, block HEAP };
initialize by copy { rw };

  Section            Kind         Address    Size  Object
  -------            ----         -------    ----  ------
"A0":                                       0x130
  .intvec            ro code   0x800'0000   0x130  startup_stm32f103xe.o [1]
                             - 0x800'0130   0x130

"P1":                                      0x127b
  .text              ro code   0x800'0130   0x60e  stm32f1xx_hal_rcc.o [1]
  .rodata            const     0x800'073e     0x2  stm32f1xx_hal_rcc.o [1]
  .text              ro code   0x800'0740     0xc  stm32f1xx_hal.o [1]
  .text              ro code   0x800'074c    0x4c  stm32f1xx_hal.o [1]
  .text              ro code   0x800'0798    0x86  ABImemcpy.o [3]
  .text              ro code   0x800'0820   0x100  stm32f1xx_hal_cortex.o [1]
  .text              ro code   0x800'0920   0x248  driverprodemo.o [1]
  .text              ro code   0x800'0b68   0x128  gpio.o [1]
  .text              ro code   0x800'0c90   0x22c  stm32f1xx_hal_gpio.o [1]
  .text              ro code   0x800'0ebc    0x28  stm32f1xx_hal.o [1]
  .text              ro code   0x800'0ee4     0x6  ABImemclr4.o [3]
  .text              ro code   0x800'0eec    0x32  ABImemset48.o [3]
  .text              ro code   0x800'0f20    0xe8  main.o [1]
  .text              ro code   0x800'1008    0x24  stm32f1xx_hal.o [1]
  .text              ro code   0x800'102c    0x48  stm32f1xx_hal_msp.o [1]
  .text              ro code   0x800'1074    0x58  system_stm32f1xx.o [1]
  .text              ro code   0x800'10cc    0x38  packbits_init_single.o [3]
  .text              ro code   0x800'1104    0x28  data_init.o [3]
  .iar.init_table    const     0x800'112c    0x10  - Linker created -
  .text              ro code   0x800'113c    0x1e  stm32f1xx_it.o [1]
  .text              ro code   0x800'115c    0x18  stm32f1xx_hal.o [1]
  .text              ro code   0x800'1174    0x1e  cmain.o [3]
  .text              ro code   0x800'1192     0x4  low_level_init.o [2]
  .text              ro code   0x800'1196     0x4  exit.o [2]
  .text              ro code   0x800'119c     0xa  cexit.o [3]
  .text              ro code   0x800'11a8    0x14  exit.o [4]
  .rodata            const     0x800'11bc    0x10  main.o [1]
  .rodata            const     0x800'11cc    0x10  main.o [1]
  .rodata            const     0x800'11dc    0x10  stm32f1xx_hal_rcc.o [1]
  .rodata            const     0x800'11ec    0x10  system_stm32f1xx.o [1]
  .text              ro code   0x800'11fc    0x10  startup_stm32f103xe.o [1]
  .rodata            const     0x800'120c     0xc  main.o [1]
  .text              ro code   0x800'1218     0xc  cstartup_M.o [3]
  .text              ro code   0x800'1224     0x4  startup_stm32f103xe.o [1]
  .text              ro code   0x800'1228     0x4  startup_stm32f103xe.o [1]
  .text              ro code   0x800'122c     0x4  startup_stm32f103xe.o [1]
  .text              ro code   0x800'1230     0x4  startup_stm32f103xe.o [1]
  .text              ro code   0x800'1234     0x4  startup_stm32f103xe.o [1]
  .text              ro code   0x800'1238     0x4  startup_stm32f103xe.o [1]
  .text              ro code   0x800'123c     0x4  startup_stm32f103xe.o [1]
  .text              ro code   0x800'1240     0x4  startup_stm32f103xe.o [1]
  .text              ro code   0x800'1244     0x4  startup_stm32f103xe.o [1]
  .text              ro code   0x800'1248     0x4  startup_stm32f103xe.o [1]
  .text              ro code   0x800'124c     0x4  startup_stm32f103xe.o [1]
  .text              ro code   0x800'1250     0x4  startup_stm32f103xe.o [1]
  .text              ro code   0x800'1254     0x4  startup_stm32f103xe.o [1]
  .text              ro code   0x800'1258     0x4  startup_stm32f103xe.o [1]
  .text              ro code   0x800'125c     0x4  startup_stm32f103xe.o [1]
  .text              ro code   0x800'1260     0x4  startup_stm32f103xe.o [1]
  .text              ro code   0x800'1264     0x4  startup_stm32f103xe.o [1]
  .text              ro code   0x800'1268     0x4  startup_stm32f103xe.o [1]
  .text              ro code   0x800'126c     0x4  startup_stm32f103xe.o [1]
  .text              ro code   0x800'1270     0x4  startup_stm32f103xe.o [1]
  .text              ro code   0x800'1274     0x4  startup_stm32f103xe.o [1]
  .text              ro code   0x800'1278     0x4  startup_stm32f103xe.o [1]
  .text              ro code   0x800'127c     0x4  startup_stm32f103xe.o [1]
  .text              ro code   0x800'1280     0x4  startup_stm32f103xe.o [1]
  .text              ro code   0x800'1284     0x4  startup_stm32f103xe.o [1]
  .text              ro code   0x800'1288     0x4  startup_stm32f103xe.o [1]
  .text              ro code   0x800'128c     0x4  startup_stm32f103xe.o [1]
  .text              ro code   0x800'1290     0x4  startup_stm32f103xe.o [1]
  .text              ro code   0x800'1294     0x4  startup_stm32f103xe.o [1]
  .text              ro code   0x800'1298     0x4  startup_stm32f103xe.o [1]
  .text              ro code   0x800'129c     0x4  startup_stm32f103xe.o [1]
  .text              ro code   0x800'12a0     0x4  startup_stm32f103xe.o [1]
  .text              ro code   0x800'12a4     0x4  startup_stm32f103xe.o [1]
  .text              ro code   0x800'12a8     0x4  startup_stm32f103xe.o [1]
  .text              ro code   0x800'12ac     0x4  startup_stm32f103xe.o [1]
  .text              ro code   0x800'12b0     0x4  startup_stm32f103xe.o [1]
  .text              ro code   0x800'12b4     0x4  startup_stm32f103xe.o [1]
  .text              ro code   0x800'12b8     0x4  startup_stm32f103xe.o [1]
  .text              ro code   0x800'12bc     0x4  startup_stm32f103xe.o [1]
  .text              ro code   0x800'12c0     0x4  startup_stm32f103xe.o [1]
  .text              ro code   0x800'12c4     0x4  startup_stm32f103xe.o [1]
  .text              ro code   0x800'12c8     0x4  startup_stm32f103xe.o [1]
  .text              ro code   0x800'12cc     0x4  startup_stm32f103xe.o [1]
  .text              ro code   0x800'12d0     0x4  startup_stm32f103xe.o [1]
  .text              ro code   0x800'12d4     0x4  startup_stm32f103xe.o [1]
  .text              ro code   0x800'12d8     0x4  startup_stm32f103xe.o [1]
  .text              ro code   0x800'12dc     0x4  startup_stm32f103xe.o [1]
  .text              ro code   0x800'12e0     0x4  startup_stm32f103xe.o [1]
  .text              ro code   0x800'12e4     0x4  startup_stm32f103xe.o [1]
  .text              ro code   0x800'12e8     0x4  startup_stm32f103xe.o [1]
  .text              ro code   0x800'12ec     0x4  startup_stm32f103xe.o [1]
  .text              ro code   0x800'12f0     0x4  startup_stm32f103xe.o [1]
  .text              ro code   0x800'12f4     0x4  startup_stm32f103xe.o [1]
  .text              ro code   0x800'12f8     0x4  startup_stm32f103xe.o [1]
  .text              ro code   0x800'12fc     0x4  startup_stm32f103xe.o [1]
  .text              ro code   0x800'1300     0x4  startup_stm32f103xe.o [1]
  .text              ro code   0x800'1304     0x4  startup_stm32f103xe.o [1]
  .text              ro code   0x800'1308     0x4  startup_stm32f103xe.o [1]
  .text              ro code   0x800'130c     0x4  startup_stm32f103xe.o [1]
  .text              ro code   0x800'1310     0x4  startup_stm32f103xe.o [1]
  .rodata            const     0x800'1314     0x0  packbits_init_single.o [3]
  Initializer bytes  const     0x800'1314    0x97  <for P2-1>
                             - 0x800'13ab  0x127b

"P2", part 1 of 2:                           0xad
  P2-1                        0x2000'0000    0xad  <Init block>
    .data            inited   0x2000'0000    0x20  driverprodemo.o [1]
    .data            inited   0x2000'0020    0x20  driverprodemo.o [1]
    .data            inited   0x2000'0040    0x20  driverprodemo.o [1]
    .data            inited   0x2000'0060    0x20  driverprodemo.o [1]
    .data            inited   0x2000'0080    0x20  driverprodemo.o [1]
    .data            inited   0x2000'00a0     0x4  stm32f1xx_hal.o [1]
    .data            inited   0x2000'00a4     0x4  system_stm32f1xx.o [1]
    .bss             inited   0x2000'00a8     0x4  stm32f1xx_hal.o [1]
    .data            inited   0x2000'00ac     0x1  stm32f1xx_hal.o [1]
                            - 0x2000'00ad    0xad

"P2", part 2 of 2:                          0x400
  CSTACK                      0x2000'00b0   0x400  <Block>
    CSTACK           uninit   0x2000'00b0   0x400  <Block tail>
                            - 0x2000'04b0   0x400

Unused ranges:

         From           To      Size
         ----           --      ----
   0x800'13ab   0x807'ffff  0x7'ec55
  0x2000'00ad  0x2000'00af       0x3
  0x2000'04b0  0x2000'ffff    0xfb50


*******************************************************************************
*** INIT TABLE
***

          Address      Size
          -------      ----
Copy/packbits (__iar_packbits_init_single3)
    1 source range, total size 0x97 (87% of destination):
           0x800'1314  0x97
    1 destination range, total size 0xad:
          0x2000'0000  0xad



*******************************************************************************
*** MODULE SUMMARY
***

    Module                  ro code  ro data  rw data
    ------                  -------  -------  -------
command line/config:
    -------------------------------------------------
    Total:

C:\Users\61009\Desktop\work\≤‚ ‘≥Ã–Ú\test1\EWARM\test1\Obj: [1]
    driverprodemo.o             584      139      160
    gpio.o                      296
    main.o                      232       44
    startup_stm32f103xe.o       560
    stm32f1xx_hal.o             188        9        9
    stm32f1xx_hal_cortex.o      256
    stm32f1xx_hal_gpio.o        556
    stm32f1xx_hal_msp.o          72
    stm32f1xx_hal_rcc.o       1 550       18
    stm32f1xx_it.o               30
    system_stm32f1xx.o           88       19        4
    -------------------------------------------------
    Total:                    4 412      229      173

dl7M_tln.a: [2]
    exit.o                        4
    low_level_init.o              4
    -------------------------------------------------
    Total:                        8

rt7M_tl.a: [3]
    ABImemclr4.o                  6
    ABImemcpy.o                 134
    ABImemset48.o                50
    cexit.o                      10
    cmain.o                      30
    cstartup_M.o                 12
    data_init.o                  40
    packbits_init_single.o       56
    -------------------------------------------------
    Total:                      338

shb_l.a: [4]
    exit.o                       20
    -------------------------------------------------
    Total:                       20

    Gaps                         12
    Linker created                        16    1 024
-----------------------------------------------------
    Grand Total:              4 790      245    1 197


*******************************************************************************
*** ENTRY LIST
***

Entry                       Address   Size  Type      Object
-----                       -------   ----  ----      ------
.iar.init_table$$Base    0x800'112c          --   Gb  - Linker created -
.iar.init_table$$Limit   0x800'113c          --   Gb  - Linker created -
?main                    0x800'1175         Code  Gb  cmain.o [3]
AHBPrescTable            0x800'11ec   0x10  Data  Gb  system_stm32f1xx.o [1]
BusFault_Handler         0x800'1149    0x2  Code  Gb  stm32f1xx_it.o [1]
CGRAM_ZIKU12            0x2000'0020   0x20  Data  Gb  driverprodemo.o [1]
CGRAM_ZIKU13            0x2000'0040   0x20  Data  Gb  driverprodemo.o [1]
CGRAM_ZIKU14            0x2000'0060   0x20  Data  Gb  driverprodemo.o [1]
CGRAM_ZIKU15            0x2000'0080   0x20  Data  Gb  driverprodemo.o [1]
CSTACK$$Base            0x2000'00b0          --   Gb  - Linker created -
CSTACK$$Limit           0x2000'04b0          --   Gb  - Linker created -
DebugMon_Handler         0x800'114f    0x2  Code  Gb  stm32f1xx_it.o [1]
Delay_us                 0x800'093f    0xa  Code  Gb  driverprodemo.o [1]
Error_Handler            0x800'1007    0x2  Code  Gb  main.o [1]
HAL_Delay                0x800'0ebd   0x28  Code  Wk  stm32f1xx_hal.o [1]
HAL_GPIO_Init            0x800'0c91  0x1ce  Code  Gb  stm32f1xx_hal_gpio.o [1]
HAL_GPIO_WritePin        0x800'0e5f   0x14  Code  Gb  stm32f1xx_hal_gpio.o [1]
HAL_GetTick              0x800'0741    0xc  Code  Wk  stm32f1xx_hal.o [1]
HAL_IncTick              0x800'115d   0x18  Code  Wk  stm32f1xx_hal.o [1]
HAL_Init                 0x800'1009   0x20  Code  Gb  stm32f1xx_hal.o [1]
HAL_InitTick             0x800'074d   0x4c  Code  Wk  stm32f1xx_hal.o [1]
HAL_MspInit              0x800'102d   0x48  Code  Gb  stm32f1xx_hal_msp.o [1]
HAL_NVIC_SetPriority     0x800'08db   0x22  Code  Gb  stm32f1xx_hal_cortex.o [1]
HAL_NVIC_SetPriorityGrouping
                         0x800'08d3    0x8  Code  Gb  stm32f1xx_hal_cortex.o [1]
HAL_RCC_ClockConfig      0x800'0503  0x146  Code  Gb  stm32f1xx_hal_rcc.o [1]
HAL_RCC_EnableCSS        0x800'0649    0x8  Code  Gb  stm32f1xx_hal_rcc.o [1]
HAL_RCC_GetSysClockFreq
                         0x800'0651   0x62  Code  Gb  stm32f1xx_hal_rcc.o [1]
HAL_RCC_NMI_IRQHandler   0x800'06b3   0x16  Code  Gb  stm32f1xx_hal_rcc.o [1]
HAL_RCC_OscConfig        0x800'0131  0x3d2  Code  Gb  stm32f1xx_hal_rcc.o [1]
HAL_SYSTICK_Config       0x800'08fd    0x8  Code  Gb  stm32f1xx_hal_cortex.o [1]
HardFault_Handler        0x800'1145    0x2  Code  Gb  stm32f1xx_it.o [1]
LCD_Clear                0x800'09db   0x10  Code  Gb  driverprodemo.o [1]
LCD_DisplayFont          0x800'0a5f   0x50  Code  Gb  driverprodemo.o [1]
LCD_DisplayFont12        0x800'09eb   0x44  Code  Gb  driverprodemo.o [1]
LCD_Display_String       0x800'09b5   0x26  Code  Gb  driverprodemo.o [1]
LCD_Init                 0x800'0921   0x1e  Code  Gb  driverprodemo.o [1]
LCD_RST                  0x800'0acd   0x2a  Code  Gb  driverprodemo.o [1]
LCD_WriteCmd             0x800'0949   0x36  Code  Gb  driverprodemo.o [1]
LCD_WriteDat             0x800'097f   0x36  Code  Gb  driverprodemo.o [1]
LCD_addr                0x2000'0000   0x20  Data  Gb  driverprodemo.o [1]
MX_GPIO_Init             0x800'0b69  0x128  Code  Gb  gpio.o [1]
MemManage_Handler        0x800'1147    0x2  Code  Gb  stm32f1xx_it.o [1]
NMI_Handler              0x800'113d    0x8  Code  Gb  stm32f1xx_it.o [1]
NVIC_EncodePriority      0x800'0869   0x3c  Code  Lc  stm32f1xx_hal_cortex.o [1]
PendSV_Handler           0x800'1151    0x2  Code  Gb  stm32f1xx_it.o [1]
RCC_Delay                0x800'06c9   0x24  Code  Lc  stm32f1xx_hal_rcc.o [1]
Region$$Table$$Base      0x800'112c          --   Gb  - Linker created -
Region$$Table$$Limit     0x800'113c          --   Gb  - Linker created -
SVC_Handler              0x800'114d    0x2  Code  Gb  stm32f1xx_it.o [1]
SendByte                 0x800'0af7   0x56  Code  Gb  driverprodemo.o [1]
SysTick_Config           0x800'08a5   0x2e  Code  Lc  stm32f1xx_hal_cortex.o [1]
SysTick_Handler          0x800'1153    0x8  Code  Gb  stm32f1xx_it.o [1]
SystemClock_Config       0x800'0f99   0x6e  Code  Gb  main.o [1]
SystemCoreClock         0x2000'00a4    0x4  Data  Gb  system_stm32f1xx.o [1]
SystemInit               0x800'1075   0x3e  Code  Gb  system_stm32f1xx.o [1]
UsageFault_Handler       0x800'114b    0x2  Code  Gb  stm32f1xx_it.o [1]
__NVIC_GetPriorityGrouping
                         0x800'083b    0xa  Code  Lc  stm32f1xx_hal_cortex.o [1]
__NVIC_SetPriority       0x800'0845   0x24  Code  Lc  stm32f1xx_hal_cortex.o [1]
__NVIC_SetPriorityGrouping
                         0x800'0821   0x1a  Code  Lc  stm32f1xx_hal_cortex.o [1]
__aeabi_memclr4          0x800'0ee5         Code  Gb  ABImemclr4.o [3]
__aeabi_memcpy4          0x800'0799         Code  Gb  ABImemcpy.o [3]
__aeabi_memcpy8          0x800'0799         Code  Gb  ABImemcpy.o [3]
__cmain                  0x800'1175         Code  Gb  cmain.o [3]
__exit                   0x800'11a9   0x14  Code  Gb  exit.o [4]
__iar_Memset4_word       0x800'0eed         Code  Gb  ABImemset48.o [3]
__iar_Memset8_word       0x800'0eed         Code  Gb  ABImemset48.o [3]
__iar_data_init3         0x800'1105   0x28  Code  Gb  data_init.o [3]
__iar_packbits_init_single3
                         0x800'10cd   0x38  Code  Gb  packbits_init_single.o [3]
__iar_program_start      0x800'1219         Code  Gb  cstartup_M.o [3]
__low_level_init         0x800'1193    0x4  Code  Gb  low_level_init.o [2]
__vector_table           0x800'0000         Data  Gb  startup_stm32f103xe.o [1]
_call_main               0x800'1181         Code  Gb  cmain.o [3]
_exit                    0x800'119d         Code  Gb  cexit.o [3]
_main                    0x800'118f         Code  Gb  cmain.o [3]
disp_CGRAM               0x800'0aaf   0x1e  Code  Gb  driverprodemo.o [1]
exit                     0x800'1197    0x4  Code  Gb  exit.o [2]
main                     0x800'0f21   0x6a  Code  Gb  main.o [1]
set_Cursor               0x800'0a2f   0x30  Code  Gb  driverprodemo.o [1]
uwTick                  0x2000'00a8    0x4  Data  Gb  stm32f1xx_hal.o [1]
uwTickFreq              0x2000'00ac    0x1  Data  Gb  stm32f1xx_hal.o [1]
uwTickPrio              0x2000'00a0    0x4  Data  Gb  stm32f1xx_hal.o [1]


[1] = C:\Users\61009\Desktop\work\≤‚ ‘≥Ã–Ú\test1\EWARM\test1\Obj
[2] = dl7M_tln.a
[3] = rt7M_tl.a
[4] = shb_l.a

  4 790 bytes of readonly  code memory
    245 bytes of readonly  data memory
  1 197 bytes of readwrite data memory

Errors: none
Warnings: none
